TEST
TEST123
